// Jest Snapshot v1, https://goo.gl/fbAQLP

exports[`The own table matches snapshot 1`] = `" "`;
